Testing 10.20.0.17:80
info: Testing started for: 10.20.0.17:80

info: Clear all

info: Let there be users.

info: Requesting http://10.20.0.17:80/db/api/user/create/ with {'username': 'user1', 'about': 'hello im user1', 'isAnonymous': False, 'name': 'John', 'email': 'example@mail.ru'} (POST)

info: Request time was: 0.0640 sec

info: Validating by requesting object details

info: Requesting http://10.20.0.17:80/db/api/user/details/ with {'user': 'example@mail.ru'} (GET)

info: Request time was: 0.0538 sec

info: Requesting http://10.20.0.17:80/db/api/user/create/ with {'username': None, 'about': None, 'isAnonymous': True, 'name': None, 'email': 'richard.nixon@example.com'} (POST)

info: Request time was: 0.0091 sec

info: Validating by requesting object details

info: Requesting http://10.20.0.17:80/db/api/user/details/ with {'user': 'richard.nixon@example.com'} (GET)

info: Request time was: 0.0068 sec

error: Attribute <username> missing in response from API: None

info: Requesting http://10.20.0.17:80/db/api/user/create/ with {'username': 'user2', 'about': 'hello im user2hello im user2hello im user2hello im user2hello im user2hello im user2hello im user2hello im user2hello im user2hello im user2hello im user2hello im user2hello im user2hello im user2hello im user2hello im user2hello im user2hello im user2hello im user2hello im user2hello im user2hello im user2hello im user2hello im user2hello im user2hello im user2hello im user2hello im user2hello im user2hello im user2hello im user2hello im user2hello im user2hello im user2hello im user2hello im user2hello im user2hello im user2hello im user2hello im user2hello im user2hello im user2hello im user2hello im user2hello im user2hello im user2hello im user2hello im user2hello im user2hello im user2hello im user2hello im user2hello im user2hello im user2hello im user2hello im user2hello im user2hello im user2hello im user2hello im user2hello im user2hello im user2hello im user2hello im user2hello im user2hello im user2hello im user2hello im user2hello im user2hello im user2hello im user2hello im user2hello im user2hello im user2hello im user2hello im user2hello im user2hello im user2hello im user2hello im user2hello im user2hello im user2hello im user2hello im user2hello im user2hello im user2hello im user2hello im user2hello im user2hello im user2hello im user2hello im user2hello im user2hello im user2hello im user2hello im user2hello im user2hello im user2hello im user2hello im user2hello im user2hello im user2hello im user2hello im user2hello im user2hello im user2hello im user2hello im user2hello im user2hello im user2hello im user2hello im user2hello im user2hello im user2hello im user2hello im user2hello im user2hello im user2hello im user2hello im user2hello im user2hello im user2hello im user2hello im user2hello im user2hello im user2hello im user2hello im user2hello im user2hello im user2hello im user2hello im user2hello im user2hello im user2hello im user2hello im user2hello im user2hello im user2hello im user2hello im user2hello im user2hello im user2hello im user2hello im user2hello im user2hello im user2hello im user2hello im user2hello im user2hello im user2hello im user2hello im user2hello im user2hello im user2hello im user2hello im user2hello im user2hello im user2hello im user2hello im user2hello im user2hello im user2hello im user2hello im user2hello im user2hello im user2hello im user2hello im user2hello im user2hello im user2hello im user2hello im user2hello im user2hello im user2hello im user2hello im user2hello im user2hello im user2hello im user2hello im user2hello im user2hello im user2hello im user2hello im user2hello im user2hello im user2hello im user2hello im user2hello im user2hello im user2hello im user2hello im user2hello im user2hello im user2hello im user2hello im user2hello im user2hello im user2hello im user2hello im user2hello im user2hello im user2hello im user2hello im user2hello im user2hello im user2hello im user2hello im user2hello im user2hello im user2hello im user2hello im user2hello im user2hello im user2hello im user2hello im user2hello im user2hello im user2hello im user2hello im user2hello im user2hello im user2hello im user2hello im user2hello im user2hello im user2hello im user2hello im user2hello im user2hello im user2hello im user2hello im user2hello im user2hello im user2hello im user2hello im user2hello im user2hello im user2hello im user2hello im user2hello im user2hello im user2hello im user2hello im user2hello im user2hello im user2hello im user2hello im user2hello im user2hello im user2hello im user2hello im user2hello im user2hello im user2hello im user2hello im user2hello im user2hello im user2hello im user2hello im user2hello im user2hello im user2hello im user2hello im user2hello im user2hello im user2hello im user2hello im user2hello im user2hello im user2hello im user2hello im user2hello im user2hello im user2hello im user2hello im user2hello im user2hello im user2hello im user2hello im user2hello im user2hello im user2hello im user2hello im user2hello im user2hello im user2hello im user2hello im user2hello im user2hello im user2hello im user2hello im user2hello im user2hello im user2hello im user2hello im user2hello im user2hello im user2hello im user2hello im user2', 'isAnonymous': False, 'name': 'Jey', 'email': 'example2@mail.ru'} (POST)

info: Request time was: 0.0609 sec

info: Validating by requesting object details

info: Requesting http://10.20.0.17:80/db/api/user/details/ with {'user': 'example2@mail.ru'} (GET)

info: Request time was: 0.0418 sec

info: Requesting http://10.20.0.17:80/db/api/user/create/ with {'username': 'user3', 'about': 'hello im user3', 'isAnonymous': False, 'name': 'Josh', 'email': 'example3@mail.ru'} (POST)

info: Request time was: 0.0233 sec

info: Validating by requesting object details

info: Requesting http://10.20.0.17:80/db/api/user/details/ with {'user': 'example3@mail.ru'} (GET)

info: Request time was: 0.0409 sec

info: Requesting http://10.20.0.17:80/db/api/user/create/ with {'username': 'user4', 'about': 'hello im user4', 'isAnonymous': False, 'name': 'Jim', 'email': 'example4@mail.ru'} (POST)

info: Request time was: 0.0261 sec

info: Validating by requesting object details

info: Requesting http://10.20.0.17:80/db/api/user/details/ with {'user': 'example4@mail.ru'} (GET)

info: Request time was: 0.0079 sec

info: Let there be content

info: Requesting http://10.20.0.17:80/db/api/forum/create/ with {'name': 'Forum With Sufficiently Large Name', 'short_name': 'forumwithsufficientlylargename', 'user': 'example2@mail.ru'} (POST)

info: Request time was: 0.0238 sec

info: Validating by requesting object details

info: Requesting http://10.20.0.17:80/db/api/forum/details/ with {'related': ['user'], 'forum': 'forumwithsufficientlylargename'} (GET)

info: Request time was: 0.0086 sec

info: Requesting http://10.20.0.17:80/db/api/forum/create/ with {'name': 'Forum I', 'short_name': 'forum1', 'user': 'richard.nixon@example.com'} (POST)

info: Request time was: 0.0208 sec

info: Validating by requesting object details

info: Requesting http://10.20.0.17:80/db/api/forum/details/ with {'related': ['user'], 'forum': 'forum1'} (GET)

info: Request time was: 0.0069 sec

error: Attribute <user> missing in response from API: None

info: Requesting http://10.20.0.17:80/db/api/forum/create/ with {'name': 'Forum II', 'short_name': 'forum2', 'user': 'example@mail.ru'} (POST)

info: Request time was: 0.0156 sec

info: Validating by requesting object details

info: Requesting http://10.20.0.17:80/db/api/forum/details/ with {'related': ['user'], 'forum': 'forum2'} (GET)

info: Request time was: 0.0160 sec

info: Requesting http://10.20.0.17:80/db/api/forum/create/ with {'name': u'\u0424\u043e\u0440\u0443\u043c \u0422\u0440\u0438', 'short_name': 'forum3', 'user': 'example@mail.ru'} (POST)

info: Request time was: 0.0264 sec

info: Validating by requesting object details

info: Requesting http://10.20.0.17:80/db/api/forum/details/ with {'related': ['user'], 'forum': 'forum3'} (GET)

info: Request time was: 0.0097 sec

info: Requesting http://10.20.0.17:80/db/api/thread/create/ with {'forum': 'forum3', 'title': 'Thread With Sufficiently Large Title', 'isClosed': True, 'user': 'example3@mail.ru', 'date': '2014-01-01 00:00:01', 'message': 'hey hey hey hey!', 'slug': 'Threadwithsufficientlylargetitle', 'isDeleted': True} (POST)

info: Request time was: 0.0294 sec

info: Validating by requesting object details

info: Requesting http://10.20.0.17:80/db/api/thread/details/ with {'related': ['forum', 'user'], 'thread': 1} (GET)

info: Request time was: 0.0513 sec

info: Requesting http://10.20.0.17:80/db/api/thread/create/ with {'forum': 'forumwithsufficientlylargename', 'title': 'Thread I', 'isClosed': False, 'user': 'example4@mail.ru', 'date': '2013-12-31 00:01:01', 'message': 'hey!', 'slug': 'thread1', 'isDeleted': False} (POST)

info: Request time was: 0.0176 sec

info: Validating by requesting object details

info: Requesting http://10.20.0.17:80/db/api/thread/details/ with {'related': ['forum', 'user'], 'thread': 2} (GET)

info: Request time was: 0.0268 sec

info: Requesting http://10.20.0.17:80/db/api/thread/create/ with {'forum': 'forum2', 'title': 'Thread II', 'isClosed': False, 'user': 'example3@mail.ru', 'date': '2013-12-30 00:01:01', 'message': 'hey hey!', 'slug': 'thread2', 'isDeleted': False} (POST)

info: Request time was: 0.0192 sec

info: Validating by requesting object details

info: Requesting http://10.20.0.17:80/db/api/thread/details/ with {'related': ['forum', 'user'], 'thread': 3} (GET)

info: Request time was: 0.0181 sec

info: Requesting http://10.20.0.17:80/db/api/thread/create/ with {'forum': 'forum2', 'title': u'\u0422\u0440\u0435\u0434 \u0422\u0440\u0438', 'isClosed': False, 'user': 'richard.nixon@example.com', 'date': '2013-12-29 00:01:01', 'message': 'hey hey hey! hey hey hey! hey hey hey! hey hey hey! hey hey hey! hey hey hey! hey hey hey! hey hey hey! hey hey hey! hey hey hey! hey hey hey! hey hey hey! hey hey hey! hey hey hey! hey hey hey! hey hey hey! hey hey hey! hey hey hey! hey hey hey! hey hey hey! hey hey hey! hey hey hey! hey hey hey! hey hey hey! hey hey hey! hey hey hey! hey hey hey! hey hey hey! hey hey hey! hey hey hey! hey hey hey! hey hey hey! hey hey hey! hey hey hey! hey hey hey! hey hey hey! hey hey hey! hey hey hey! hey hey hey! hey hey hey! hey hey hey! hey hey hey! hey hey hey! hey hey hey! hey hey hey! hey hey hey! hey hey hey! hey hey hey! hey hey hey! hey hey hey! hey hey hey! hey hey hey! hey hey hey! hey hey hey! hey hey hey! hey hey hey! hey hey hey! hey hey hey! hey hey hey! hey hey hey! hey hey hey! hey hey hey! hey hey hey! hey hey hey! hey hey hey! hey hey hey! hey hey hey! hey hey hey! hey hey hey! hey hey hey! hey hey hey! hey hey hey! hey hey hey! hey hey hey! hey hey hey! hey hey hey! hey hey hey! hey hey hey! hey hey hey! hey hey hey! hey hey hey! hey hey hey! hey hey hey! hey hey hey! hey hey hey! hey hey hey! hey hey hey! hey hey hey! hey hey hey! hey hey hey! hey hey hey! hey hey hey! hey hey hey! hey hey hey! hey hey hey! hey hey hey! hey hey hey! hey hey hey! hey hey hey! hey hey hey! hey hey hey! hey hey hey! hey hey hey! hey hey hey! hey hey hey! hey hey hey! hey hey hey! hey hey hey! hey hey hey! hey hey hey! hey hey hey! hey hey hey! hey hey hey! hey hey hey! hey hey hey! hey hey hey! hey hey hey! hey hey hey! hey hey hey! hey hey hey! hey hey hey! hey hey hey! hey hey hey! hey hey hey! hey hey hey! hey hey hey! hey hey hey! hey hey hey! hey hey hey! hey hey hey! hey hey hey! hey hey hey! hey hey hey! hey hey hey! hey hey hey! hey hey hey! hey hey hey! hey hey hey! hey hey hey! hey hey hey! hey hey hey! hey hey hey! hey hey hey! hey hey hey! hey hey hey! hey hey hey! hey hey hey! hey hey hey! hey hey hey! hey hey hey! hey hey hey! hey hey hey! hey hey hey! hey hey hey! hey hey hey! hey hey hey! hey hey hey! hey hey hey! hey hey hey! hey hey hey! hey hey hey! hey hey hey! hey hey hey! hey hey hey! hey hey hey! hey hey hey! hey hey hey! hey hey hey! hey hey hey! hey hey hey! hey hey hey! hey hey hey! hey hey hey! hey hey hey! hey hey hey! hey hey hey! hey hey hey! hey hey hey! hey hey hey! hey hey hey! hey hey hey! hey hey hey! hey hey hey! hey hey hey! hey hey hey! hey hey hey! hey hey hey! hey hey hey! hey hey hey! hey hey hey! hey hey hey! hey hey hey! hey hey hey! hey hey hey! hey hey hey! hey hey hey! hey hey hey! hey hey hey! hey hey hey! hey hey hey! hey hey hey! hey hey hey! hey hey hey! hey hey hey! hey hey hey! hey hey hey! hey hey hey! hey hey hey! hey hey hey! hey hey hey! hey hey hey! hey hey hey! hey hey hey! hey hey hey! hey hey hey! hey hey hey! hey hey hey! hey hey hey! hey hey hey! hey hey hey! hey hey hey! hey hey hey! hey hey hey! hey hey hey! hey hey hey! hey hey hey! hey hey hey! hey hey hey! hey hey hey! hey hey hey! hey hey hey! hey hey hey! hey hey hey! hey hey hey! hey hey hey! hey hey hey! hey hey hey! hey hey hey! hey hey hey! hey hey hey! hey hey hey! hey hey hey! hey hey hey! hey hey hey! hey hey hey! hey hey hey! hey hey hey! hey hey hey! hey hey hey! hey hey hey! hey hey hey! hey hey hey! hey hey hey! hey hey hey! hey hey hey! hey hey hey! hey hey hey! hey hey hey! hey hey hey! hey hey hey! hey hey hey! hey hey hey! hey hey hey! hey hey hey! hey hey hey! hey hey hey! hey hey hey! hey hey hey! hey hey hey! hey hey hey! hey hey hey! hey hey hey! hey hey hey! hey hey hey! hey hey hey! hey hey hey! hey hey hey! hey hey hey! hey hey hey! hey hey hey! hey hey hey! hey hey hey! hey hey hey! hey hey hey! hey hey hey! hey hey hey! hey hey hey! hey hey hey! hey hey hey! hey hey hey! hey hey hey! hey hey hey! hey hey hey! hey hey hey! hey hey hey! hey hey hey! hey hey hey! hey hey hey! hey hey hey! hey hey hey! ', 'slug': 'thread3', 'isDeleted': False} (POST)

info: Request time was: 0.0061 sec

info: Validating by requesting object details

info: Requesting http://10.20.0.17:80/db/api/thread/details/ with {'related': ['forum', 'user'], 'thread': -1} (GET)

info: Request time was: 0.0192 sec

error: Attribute <forum> missing in response from API: None

info: Requesting http://10.20.0.17:80/db/api/post/create/ with {'isApproved': True, 'user': 'example@mail.ru', 'date': '2014-01-01 00:00:01', 'message': 'my message 1my message 1my message 1my message 1my message 1my message 1my message 1my message 1my message 1my message 1my message 1my message 1my message 1my message 1my message 1my message 1my message 1my message 1my message 1my message 1my message 1my message 1my message 1my message 1my message 1my message 1my message 1my message 1my message 1my message 1my message 1my message 1my message 1my message 1my message 1my message 1my message 1my message 1my message 1my message 1my message 1my message 1my message 1my message 1my message 1my message 1my message 1my message 1my message 1my message 1my message 1my message 1my message 1my message 1my message 1my message 1my message 1my message 1my message 1my message 1my message 1my message 1my message 1my message 1my message 1my message 1my message 1my message 1my message 1my message 1my message 1my message 1my message 1my message 1my message 1my message 1my message 1my message 1my message 1my message 1my message 1my message 1my message 1my message 1my message 1my message 1my message 1my message 1my message 1my message 1my message 1my message 1my message 1my message 1my message 1my message 1my message 1my message 1my message 1my message 1', 'isSpam': False, 'isHighlighted': True, 'thread': 3, 'forum': 'forum2', 'isDeleted': False, 'isEdited': True} (POST)

info: Request time was: 0.0266 sec

info: Validating by requesting object details

info: Requesting http://10.20.0.17:80/db/api/post/details/ with {'post': 1, 'related': ['thread', 'forum', 'user']} (GET)

info: Request time was: 0.0119 sec

info: Requesting http://10.20.0.17:80/db/api/post/create/ with {'parent': 1, 'isApproved': False, 'user': 'example3@mail.ru', 'date': '2014-01-01 00:02:01', 'message': 'my message 3my message 3my message 3my message 3my message 3my message 3my message 3my message 3my message 3my message 3my message 3my message 3my message 3my message 3my message 3my message 3my message 3my message 3my message 3my message 3my message 3my message 3my message 3my message 3my message 3my message 3my message 3my message 3my message 3my message 3my message 3my message 3my message 3my message 3my message 3my message 3my message 3my message 3my message 3my message 3my message 3my message 3my message 3my message 3my message 3my message 3my message 3my message 3my message 3my message 3my message 3my message 3my message 3my message 3my message 3my message 3my message 3my message 3my message 3my message 3my message 3my message 3my message 3my message 3my message 3my message 3my message 3my message 3my message 3my message 3my message 3my message 3my message 3my message 3my message 3my message 3my message 3my message 3my message 3my message 3my message 3my message 3my message 3my message 3my message 3my message 3my message 3my message 3my message 3my message 3my message 3my message 3my message 3my message 3my message 3my message 3my message 3my message 3my message 3my message 3my message 3my message 3my message 3my message 3my message 3my message 3my message 3my message 3my message 3my message 3my message 3my message 3my message 3my message 3my message 3my message 3my message 3my message 3my message 3my message 3my message 3my message 3my message 3my message 3my message 3my message 3my message 3my message 3my message 3my message 3my message 3my message 3my message 3my message 3my message 3my message 3my message 3my message 3my message 3my message 3my message 3my message 3my message 3my message 3my message 3my message 3my message 3my message 3my message 3my message 3my message 3my message 3my message 3my message 3my message 3my message 3my message 3my message 3my message 3my message 3my message 3my message 3my message 3my message 3my message 3my message 3my message 3my message 3my message 3my message 3my message 3my message 3my message 3my message 3my message 3my message 3my message 3my message 3my message 3my message 3my message 3my message 3my message 3my message 3my message 3my message 3my message 3my message 3my message 3my message 3my message 3my message 3my message 3my message 3my message 3my message 3my message 3my message 3my message 3my message 3my message 3my message 3my message 3my message 3my message 3my message 3my message 3my message 3my message 3my message 3my message 3my message 3my message 3my message 3my message 3my message 3my message 3my message 3my message 3my message 3my message 3my message 3my message 3my message 3my message 3my message 3my message 3my message 3my message 3my message 3my message 3my message 3my message 3my message 3my message 3my message 3my message 3my message 3my message 3my message 3my message 3my message 3my message 3my message 3my message 3my message 3my message 3my message 3my message 3my message 3my message 3my message 3my message 3my message 3my message 3my message 3my message 3my message 3my message 3my message 3my message 3my message 3my message 3my message 3my message 3my message 3my message 3my message 3my message 3my message 3my message 3my message 3my message 3my message 3my message 3my message 3my message 3my message 3my message 3my message 3my message 3my message 3my message 3my message 3my message 3my message 3my message 3my message 3my message 3my message 3my message 3my message 3my message 3my message 3my message 3my message 3my message 3my message 3my message 3my message 3my message 3my message 3my message 3my message 3my message 3my message 3my message 3my message 3my message 3my message 3my message 3my message 3my message 3my message 3my message 3my message 3my message 3my message 3my message 3my message 3my message 3my message 3my message 3my message 3my message 3my message 3my message 3my message 3my message 3my message 3my message 3my message 3my message 3my message 3my message 3my message 3my message 3my message 3my message 3my message 3my message 3my message 3my message 3my message 3my message 3my message 3my message 3my message 3my message 3my message 3my message 3my message 3my message 3my message 3my message 3my message 3my message 3my message 3my message 3my message 3my message 3my message 3my message 3my message 3my message 3my message 3my message 3my message 3my message 3my message 3my message 3my message 3my message 3my message 3my message 3my message 3my message 3my message 3my message 3my message 3my message 3my message 3my message 3my message 3my message 3my message 3my message 3my message 3my message 3my message 3my message 3my message 3my message 3my message 3my message 3my message 3my message 3my message 3my message 3my message 3my message 3my message 3my message 3my message 3my message 3my message 3my message 3my message 3my message 3my message 3my message 3my message 3my message 3my message 3my message 3my message 3my message 3my message 3my message 3my message 3my message 3my message 3my message 3my message 3my message 3my message 3my message 3my message 3my message 3my message 3my message 3my message 3my message 3my message 3my message 3my message 3my message 3my message 3my message 3my message 3my message 3my message 3my message 3my message 3my message 3my message 3my message 3my message 3my message 3my message 3my message 3my message 3my message 3my message 3my message 3my message 3my message 3my message 3my message 3my message 3my message 3my message 3my message 3my message 3my message 3my message 3my message 3my message 3my message 3my message 3my message 3my message 3my message 3my message 3my message 3my message 3my message 3my message 3my message 3my message 3my message 3my message 3my message 3my message 3my message 3my message 3my message 3my message 3my message 3my message 3my message 3my message 3my message 3my message 3my message 3my message 3my message 3my message 3my message 3my message 3my message 3my message 3my message 3my message 3my message 3my message 3my message 3my message 3my message 3my message 3my message 3my message 3my message 3my message 3my message 3my message 3my message 3my message 3my message 3my message 3my message 3my message 3my message 3my message 3my message 3my message 3my message 3my message 3my message 3my message 3my message 3my message 3my message 3my message 3my message 3my message 3my message 3my message 3my message 3my message 3my message 3my message 3my message 3my message 3my message 3my message 3my message 3my message 3my message 3my message 3my message 3my message 3my message 3my message 3my message 3my message 3my message 3my message 3my message 3my message 3my message 3my message 3my message 3my message 3my message 3my message 3my message 3my message 3my message 3my message 3my message 3my message 3my message 3my message 3my message 3my message 3my message 3my message 3my message 3my message 3my message 3my message 3my message 3my message 3my message 3my message 3my message 3my message 3my message 3my message 3my message 3my message 3my message 3my message 3my message 3my message 3my message 3my message 3my message 3my message 3my message 3my message 3my message 3my message 3my message 3my message 3my message 3my message 3my message 3my message 3my message 3my message 3my message 3my message 3my message 3my message 3my message 3my message 3my message 3my message 3my message 3my message 3my message 3my message 3my message 3my message 3my message 3my message 3my message 3my message 3my message 3my message 3my message 3my message 3my message 3my message 3my message 3my message 3my message 3my message 3my message 3my message 3my message 3my message 3my message 3my message 3my message 3my message 3my message 3my message 3my message 3my message 3my message 3my message 3my message 3my message 3my message 3my message 3my message 3my message 3my message 3my message 3my message 3my message 3my message 3my message 3my message 3my message 3my message 3my message 3my message 3my message 3my message 3my message 3my message 3my message 3my message 3my message 3my message 3my message 3my message 3my message 3my message 3my message 3my message 3my message 3my message 3my message 3my message 3my message 3my message 3my message 3my message 3my message 3my message 3my message 3my message 3my message 3my message 3my message 3my message 3my message 3my message 3my message 3my message 3my message 3my message 3my message 3my message 3my message 3my message 3my message 3my message 3my message 3my message 3my message 3my message 3my message 3my message 3my message 3my message 3my message 3my message 3my message 3my message 3my message 3my message 3my message 3my message 3my message 3my message 3my message 3my message 3my message 3my message 3my message 3my message 3my message 3my message 3my message 3my message 3my message 3my message 3my message 3my message 3my message 3my message 3my message 3my message 3my message 3my message 3my message 3my message 3my message 3my message 3my message 3my message 3my message 3my message 3my message 3my message 3my message 3my message 3my message 3my message 3my message 3my message 3my message 3my message 3my message 3my message 3my message 3my message 3my message 3my message 3my message 3my message 3my message 3my message 3my message 3my message 3my message 3my message 3my message 3my message 3my message 3my message 3my message 3my message 3my message 3my message 3my message 3my message 3my message 3my message 3my message 3my message 3my message 3my message 3my message 3my message 3my message 3my message 3my message 3my message 3my message 3my message 3my message 3my message 3my message 3my message 3my message 3my message 3my message 3my message 3my message 3my message 3my message 3my message 3my message 3my message 3my message 3my message 3my message 3my message 3my message 3my message 3my message 3my message 3my message 3my message 3my message 3my message 3my message 3my message 3my message 3my message 3my message 3my message 3my message 3my message 3my message 3my message 3my message 3my message 3my message 3my message 3my message 3my message 3my message 3my message 3my message 3my message 3my message 3my message 3my message 3my message 3my message 3my message 3my message 3my message 3my message 3my message 3my message 3my message 3my message 3my message 3my message 3my message 3my message 3my message 3my message 3my message 3my message 3my message 3my message 3my message 3my message 3my message 3my message 3my message 3my message 3my message 3my message 3my message 3my message 3my message 3my message 3my message 3my message 3my message 3my message 3my message 3my message 3my message 3my message 3my message 3my message 3my message 3my message 3my message 3my message 3my message 3my message 3my message 3my message 3my message 3my message 3my message 3my message 3my message 3my message 3my message 3my message 3my message 3my message 3my message 3my message 3my message 3my message 3my message 3my message 3my message 3my message 3my message 3my message 3my message 3my message 3my message 3my message 3my message 3my message 3my message 3my message 3my message 3my message 3my message 3my message 3my message 3my message 3my message 3my message 3my message 3my message 3my message 3my message 3my message 3my message 3my message 3my message 3my message 3my message 3my message 3my message 3my message 3my message 3my message 3my message 3my message 3my message 3my message 3my message 3my message 3my message 3my message 3my message 3my message 3my message 3my message 3my message 3my message 3my message 3my message 3my message 3my message 3my message 3my message 3my message 3my message 3my message 3my message 3my message 3my message 3my message 3my message 3my message 3my message 3my message 3my message 3my message 3my message 3my message 3my message 3my message 3my message 3my message 3my message 3my message 3my message 3my message 3', 'isSpam': False, 'isHighlighted': False, 'forum': 'forum2', 'thread': 3, 'isDeleted': False, 'isEdited': True} (POST)

info: Request time was: 0.0333 sec

info: Validating by requesting object details

info: Requesting http://10.20.0.17:80/db/api/post/details/ with {'post': 2, 'related': ['thread', 'forum', 'user']} (GET)

info: Request time was: 0.0224 sec

info: Requesting http://10.20.0.17:80/db/api/post/create/ with {'forum': 'forum2', 'thread': 3, 'parent': 2, 'isApproved': False, 'isDeleted': False, 'isEdited': True, 'date': '2014-01-02 00:02:01', 'message': 'my message 1', 'isSpam': True, 'isHighlighted': False, 'user': 'example4@mail.ru'} (POST)

info: Request time was: 0.0163 sec

info: Validating by requesting object details

info: Requesting http://10.20.0.17:80/db/api/post/details/ with {'post': 3, 'related': ['thread', 'forum', 'user']} (GET)

info: Request time was: 0.0222 sec

info: Requesting http://10.20.0.17:80/db/api/post/create/ with {'forum': 'forum3', 'thread': 1, 'isApproved': True, 'isDeleted': False, 'isEdited': False, 'date': '2014-01-03 00:01:01', 'message': 'my message 1my message 1my message 1my message 1my message 1my message 1my message 1my message 1my message 1my message 1my message 1my message 1my message 1my message 1my message 1my message 1my message 1my message 1my message 1my message 1my message 1my message 1my message 1my message 1my message 1my message 1my message 1my message 1my message 1my message 1my message 1my message 1my message 1my message 1my message 1my message 1my message 1my message 1my message 1my message 1my message 1my message 1my message 1my message 1my message 1my message 1my message 1my message 1my message 1my message 1my message 1my message 1my message 1my message 1my message 1my message 1my message 1my message 1my message 1my message 1my message 1my message 1my message 1my message 1my message 1my message 1my message 1my message 1my message 1my message 1my message 1my message 1my message 1my message 1my message 1my message 1my message 1my message 1my message 1my message 1my message 1my message 1my message 1my message 1my message 1my message 1my message 1my message 1my message 1my message 1my message 1my message 1my message 1my message 1my message 1my message 1my message 1my message 1my message 1my message 1my message 1my message 1my message 1my message 1my message 1my message 1my message 1my message 1my message 1my message 1my message 1my message 1my message 1my message 1my message 1my message 1my message 1my message 1my message 1my message 1my message 1my message 1my message 1my message 1my message 1my message 1my message 1my message 1my message 1my message 1my message 1my message 1my message 1my message 1my message 1my message 1my message 1my message 1my message 1my message 1my message 1my message 1my message 1my message 1my message 1my message 1my message 1my message 1my message 1my message 1my message 1my message 1my message 1my message 1my message 1my message 1my message 1my message 1my message 1my message 1my message 1my message 1my message 1my message 1my message 1my message 1my message 1my message 1my message 1my message 1my message 1my message 1my message 1my message 1my message 1my message 1my message 1my message 1my message 1my message 1my message 1my message 1my message 1my message 1my message 1my message 1my message 1my message 1my message 1my message 1my message 1my message 1my message 1my message 1my message 1my message 1my message 1my message 1my message 1my message 1my message 1my message 1my message 1my message 1my message 1my message 1my message 1my message 1my message 1my message 1my message 1my message 1my message 1my message 1my message 1my message 1my message 1my message 1my message 1my message 1my message 1my message 1my message 1my message 1my message 1my message 1my message 1my message 1my message 1my message 1my message 1my message 1my message 1my message 1my message 1my message 1my message 1my message 1my message 1my message 1my message 1my message 1my message 1my message 1my message 1my message 1my message 1my message 1my message 1my message 1my message 1my message 1my message 1my message 1my message 1my message 1my message 1my message 1my message 1my message 1my message 1my message 1my message 1my message 1my message 1my message 1my message 1my message 1my message 1my message 1my message 1my message 1my message 1my message 1my message 1my message 1my message 1my message 1my message 1my message 1my message 1my message 1my message 1my message 1my message 1my message 1my message 1my message 1my message 1my message 1my message 1my message 1my message 1my message 1my message 1my message 1my message 1my message 1my message 1my message 1my message 1my message 1my message 1my message 1my message 1my message 1my message 1my message 1my message 1my message 1my message 1my message 1my message 1my message 1my message 1my message 1my message 1my message 1my message 1my message 1my message 1my message 1my message 1my message 1my message 1my message 1my message 1my message 1my message 1my message 1my message 1my message 1my message 1my message 1my message 1my message 1my message 1my message 1my message 1my message 1my message 1my message 1my message 1my message 1my message 1my message 1my message 1my message 1my message 1my message 1my message 1my message 1my message 1my message 1my message 1my message 1my message 1my message 1my message 1my message 1my message 1my message 1my message 1my message 1my message 1my message 1my message 1my message 1my message 1my message 1my message 1my message 1my message 1my message 1my message 1my message 1my message 1my message 1my message 1my message 1my message 1my message 1my message 1my message 1my message 1my message 1my message 1my message 1my message 1my message 1my message 1my message 1my message 1my message 1my message 1my message 1my message 1my message 1my message 1my message 1my message 1my message 1my message 1my message 1my message 1my message 1my message 1my message 1my message 1my message 1my message 1my message 1my message 1my message 1my message 1my message 1my message 1my message 1my message 1my message 1my message 1my message 1my message 1my message 1my message 1my message 1my message 1my message 1my message 1my message 1my message 1my message 1my message 1my message 1my message 1my message 1my message 1my message 1my message 1my message 1my message 1my message 1my message 1my message 1my message 1my message 1my message 1my message 1my message 1my message 1my message 1my message 1my message 1my message 1my message 1my message 1my message 1my message 1my message 1my message 1my message 1my message 1my message 1my message 1my message 1my message 1my message 1my message 1my message 1my message 1my message 1my message 1my message 1my message 1my message 1my message 1my message 1my message 1my message 1my message 1my message 1my message 1my message 1my message 1my message 1my message 1my message 1my message 1my message 1my message 1my message 1my message 1my message 1my message 1my message 1my message 1my message 1my message 1my message 1my message 1', 'isSpam': False, 'isHighlighted': False, 'user': 'example3@mail.ru'} (POST)

info: Request time was: 0.0141 sec

info: Validating by requesting object details

info: Requesting http://10.20.0.17:80/db/api/post/details/ with {'post': 4, 'related': ['thread', 'forum', 'user']} (GET)

info: Request time was: 0.0211 sec

info: Requesting http://10.20.0.17:80/db/api/post/create/ with {'forum': 'forum2', 'thread': 3, 'isApproved': False, 'isDeleted': False, 'isEdited': False, 'date': '2014-01-03 00:08:01', 'message': 'my message 1', 'isSpam': False, 'isHighlighted': False, 'user': 'example4@mail.ru'} (POST)

info: Request time was: 0.0253 sec

info: Validating by requesting object details

info: Requesting http://10.20.0.17:80/db/api/post/details/ with {'post': 5, 'related': ['thread', 'forum', 'user']} (GET)

info: Request time was: 0.0101 sec

info: Requesting http://10.20.0.17:80/db/api/post/details/ with {'post': -42} (GET)

info: Request time was: 0.0092 sec

info: Requesting http://10.20.0.17:80/db/api/user/create/ with {'username': 'user3', 'about': 'hello im user3', 'isAnonymous': False, 'name': 'Josh', 'email': 'example3@mail.ru'} (POST)

info: Request time was: 0.0169 sec

info: Requesting http://10.20.0.17:80/db/api/thread/details/ with {'related': ['user', 'thread'], 'thread': 3} (GET)

info: Request time was: 0.0072 sec

info: List posts

info: Requesting http://10.20.0.17:80/db/api/post/list/ with {'since': '2014-01-02 00:00:00', 'limit': 2, 'order': 'asc', 'forum': 'forumwithsufficientlylargename'} (GET)

info: Request time was: 0.0236 sec

info: Validating by requesting list of objects

info: Requesting http://10.20.0.17:80/db/api/post/list/ with {'since': '2014-01-01 00:00:00', 'order': 'desc', 'forum': 'forum1'} (GET)

info: Request time was: 0.0084 sec

error: Cannot create <Post> object from response. Response: code

error: Cannot create <Post> object from response. Response: response

info: Validating by requesting list of objects

error: len(api objects list) != len(test object list): 2 != 0

info: Requesting http://10.20.0.17:80/db/api/post/list/ with {'since': '2014-01-01 00:00:00', 'order': 'desc', 'thread': 2} (GET)

info: Request time was: 0.0228 sec

info: Validating by requesting list of objects

info: Requesting http://10.20.0.17:80/db/api/post/list/ with {'since': '2014-01-03 00:00:00', 'limit': 3, 'order': 'desc', 'thread': 1} (GET)

info: Request time was: 0.0242 sec

info: Validating by requesting list of objects

info: Remove post

info: Requesting http://10.20.0.17:80/db/api/post/remove/ with {'post': 2} (POST)

info: Request time was: 0.0090 sec

info: Validating by requesting object details

info: Requesting http://10.20.0.17:80/db/api/post/details/ with {'post': 2} (GET)

info: Request time was: 0.0072 sec

info: Validating by requesting object details

info: Requesting http://10.20.0.17:80/db/api/thread/details/ with {'thread': 3} (GET)

info: Request time was: 0.0206 sec

info: Restore post

info: Requesting http://10.20.0.17:80/db/api/post/restore/ with {'post': 2} (POST)

info: Request time was: 0.0094 sec

info: Validating by requesting object details

info: Requesting http://10.20.0.17:80/db/api/post/details/ with {'post': 2} (GET)

info: Request time was: 0.0229 sec

info: Validating by requesting object details

info: Requesting http://10.20.0.17:80/db/api/thread/details/ with {'thread': 3} (GET)

info: Request time was: 0.0084 sec

info: Update post

info: Requesting http://10.20.0.17:80/db/api/post/update/ with {'post': 2, 'message': 'my message 3my message 3my message 3my message 3my message 3my message 3my message 3my message 3my message 3my message 3my message 3my message 3my message 3my message 3my message 3my message 3my message 3my message 3my message 3my message 3my message 3my message 3my message 3my message 3my message 3my message 3my message 3my message 3my message 3my message 3my message 3my message 3my message 3my message 3my message 3my message 3my message 3my message 3my message 3my message 3my message 3my message 3my message 3my message 3my message 3my message 3my message 3my message 3my message 3my message 3my message 3my message 3my message 3my message 3my message 3my message 3my message 3my message 3my message 3my message 3my message 3my message 3my message 3my message 3my message 3my message 3my message 3my message 3my message 3my message 3my message 3my message 3my message 3my message 3my message 3my message 3my message 3my message 3my message 3my message 3my message 3my message 3my message 3my message 3my message 3my message 3my message 3my message 3my message 3my message 3my message 3my message 3my message 3my message 3my message 3my message 3my message 3my message 3my message 3my message 3my message 3my message 3my message 3my message 3my message 3my message 3my message 3my message 3my message 3my message 3my message 3my message 3my message 3my message 3my message 3my message 3my message 3my message 3my message 3my message 3my message 3my message 3my message 3my message 3my message 3my message 3my message 3my message 3my message 3my message 3my message 3my message 3my message 3my message 3my message 3my message 3my message 3my message 3my message 3my message 3my message 3my message 3my message 3my message 3my message 3my message 3my message 3my message 3my message 3my message 3my message 3my message 3my message 3my message 3my message 3my message 3my message 3my message 3my message 3my message 3my message 3my message 3my message 3my message 3my message 3my message 3my message 3my message 3my message 3my message 3my message 3my message 3my message 3my message 3my message 3my message 3my message 3my message 3my message 3my message 3my message 3my message 3my message 3my message 3my message 3my message 3my message 3my message 3my message 3my message 3my message 3my message 3my message 3my message 3my message 3my message 3my message 3my message 3my message 3my message 3my message 3my message 3my message 3my message 3my message 3my message 3my message 3my message 3my message 3my message 3my message 3my message 3my message 3my message 3my message 3my message 3my message 3my message 3my message 3my message 3my message 3my message 3my message 3my message 3my message 3my message 3my message 3my message 3my message 3my message 3my message 3my message 3my message 3my message 3my message 3my message 3my message 3my message 3my message 3my message 3my message 3my message 3my message 3my message 3my message 3my message 3my message 3my message 3my message 3my message 3my message 3my message 3my message 3my message 3my message 3my message 3my message 3my message 3my message 3my message 3my message 3my message 3my message 3my message 3my message 3my message 3my message 3my message 3my message 3my message 3my message 3my message 3my message 3my message 3my message 3my message 3my message 3my message 3my message 3my message 3my message 3my message 3my message 3my message 3my message 3my message 3my message 3my message 3my message 3my message 3my message 3my message 3my message 3my message 3my message 3my message 3my message 3my message 3my message 3my message 3my message 3my message 3my message 3my message 3my message 3my message 3my message 3my message 3my message 3my message 3my message 3my message 3my message 3my message 3my message 3my message 3my message 3my message 3my message 3my message 3my message 3my message 3my message 3my message 3my message 3my message 3my message 3my message 3my message 3my message 3my message 3my message 3my message 3my message 3my message 3my message 3my message 3my message 3my message 3my message 3my message 3my message 3my message 3my message 3my message 3my message 3my message 3my message 3my message 3my message 3my message 3my message 3my message 3my message 3my message 3my message 3my message 3my message 3my message 3my message 3my message 3my message 3my message 3my message 3my message 3my message 3my message 3my message 3my message 3my message 3my message 3my message 3my message 3my message 3my message 3my message 3my message 3my message 3my message 3my message 3my message 3my message 3my message 3my message 3my message 3my message 3my message 3my message 3my message 3my message 3my message 3my message 3my message 3my message 3my message 3my message 3my message 3my message 3my message 3my message 3my message 3my message 3my message 3my message 3my message 3my message 3my message 3my message 3my message 3my message 3my message 3my message 3my message 3my message 3my message 3my message 3my message 3my message 3my message 3my message 3my message 3my message 3my message 3my message 3my message 3my message 3my message 3my message 3my message 3my message 3my message 3my message 3my message 3my message 3my message 3my message 3my message 3my message 3my message 3my message 3my message 3my message 3my message 3my message 3my message 3my message 3my message 3my message 3my message 3my message 3my message 3my message 3my message 3my message 3my message 3my message 3my message 3my message 3my message 3my message 3my message 3my message 3my message 3my message 3my message 3my message 3my message 3my message 3my message 3my message 3my message 3my message 3my message 3my message 3my message 3my message 3my message 3my message 3my message 3my message 3my message 3my message 3my message 3my message 3my message 3my message 3my message 3my message 3my message 3my message 3my message 3my message 3my message 3my message 3my message 3my message 3my message 3my message 3my message 3my message 3my message 3my message 3my message 3my message 3my message 3my message 3my message 3my message 3my message 3my message 3my message 3my message 3my message 3my message 3my message 3my message 3my message 3my message 3my message 3my message 3my message 3my message 3my message 3my message 3my message 3my message 3my message 3my message 3my message 3my message 3my message 3my message 3my message 3my message 3my message 3my message 3my message 3my message 3my message 3my message 3my message 3my message 3my message 3my message 3my message 3my message 3my message 3my message 3my message 3my message 3my message 3my message 3my message 3my message 3my message 3my message 3my message 3my message 3my message 3my message 3my message 3my message 3my message 3my message 3my message 3my message 3my message 3my message 3my message 3my message 3my message 3my message 3my message 3my message 3my message 3my message 3my message 3my message 3my message 3my message 3my message 3my message 3my message 3my message 3my message 3my message 3my message 3my message 3my message 3my message 3my message 3my message 3my message 3my message 3my message 3my message 3my message 3my message 3my message 3my message 3my message 3my message 3my message 3my message 3my message 3my message 3my message 3my message 3my message 3my message 3my message 3my message 3my message 3my message 3my message 3my message 3my message 3my message 3my message 3my message 3my message 3my message 3my message 3my message 3my message 3my message 3my message 3my message 3my message 3my message 3my message 3my message 3my message 3my message 3my message 3my message 3my message 3my message 3my message 3my message 3my message 3my message 3my message 3my message 3my message 3my message 3my message 3my message 3my message 3my message 3my message 3my message 3my message 3my message 3my message 3my message 3my message 3my message 3my message 3my message 3my message 3my message 3my message 3my message 3my message 3my message 3my message 3my message 3my message 3my message 3my message 3my message 3my message 3my message 3my message 3my message 3my message 3my message 3my message 3my message 3my message 3my message 3my message 3my message 3my message 3my message 3my message 3my message 3my message 3my message 3my message 3my message 3my message 3my message 3my message 3my message 3my message 3my message 3my message 3my message 3my message 3my message 3my message 3my message 3my message 3my message 3my message 3my message 3my message 3my message 3my message 3my message 3my message 3my message 3my message 3my message 3my message 3my message 3my message 3my message 3my message 3my message 3my message 3my message 3my message 3my message 3my message 3my message 3my message 3my message 3my message 3my message 3my message 3my message 3my message 3my message 3my message 3my message 3my message 3my message 3my message 3my message 3my message 3my message 3my message 3my message 3my message 3my message 3my message 3my message 3my message 3my message 3my message 3my message 3my message 3my message 3my message 3my message 3my message 3my message 3my message 3my message 3my message 3my message 3my message 3my message 3my message 3my message 3my message 3my message 3my message 3my message 3my message 3my message 3my message 3my message 3my message 3my message 3my message 3my message 3my message 3my message 3my message 3my message 3my message 3my message 3my message 3my message 3my message 3my message 3my message 3my message 3my message 3my message 3my message 3my message 3my message 3my message 3my message 3my message 3my message 3my message 3my message 3my message 3my message 3my message 3my message 3my message 3my message 3my message 3my message 3my message 3my message 3my message 3my message 3my message 3my message 3my message 3my message 3my message 3my message 3my message 3my message 3my message 3my message 3my message 3my message 3my message 3my message 3my message 3my message 3my message 3my message 3my message 3my message 3my message 3my message 3my message 3my message 3my message 3my message 3my message 3my message 3my message 3my message 3my message 3my message 3my message 3my message 3my message 3my message 3my message 3my message 3my message 3my message 3my message 3my message 3my message 3my message 3my message 3my message 3my message 3my message 3my message 3my message 3my message 3my message 3my message 3my message 3my message 3my message 3my message 3my message 3my message 3my message 3my message 3my message 3my message 3my message 3my message 3my message 3my message 3my message 3my message 3my message 3my message 3my message 3my message 3my message 3my message 3my message 3my message 3my message 3my message 3my message 3my message 3my message 3my message 3my message 3my message 3my message 3my message 3my message 3my message 3my message 3my message 3my message 3my message 3my message 3my message 3my message 3my message 3my message 3my message 3my message 3my message 3my message 3my message 3my message 3my message 3my message 3my message 3my message 3my message 3my message 3my message 3my message 3my message 3my message 3my message 3my message 3my message 3my message 3my message 3my message 3my message 3my message 3my message 3my message 3my message 3my message 3my message 3my message 3my message 3my message 3my message 3my message 3my message 3my message 3my message 3my message 3my message 3my message 3my message 3my message 3my message 3my message 3my message 3my message 3my message 3my message 3my message 3my message 3my message 3my message 3my message 3my message 3my message 3my message 3my message 3my message 3my message 3my message 3my message 3my message 3my message 3my message 3my message 3my message 3my message 3my message 3my message 3my message 3my message 3my message 3my message 3my message 3my message 3my message 3my message 3my message 3my message 3my message 3my message 3my message 3my message 3my message 3my message 3my message 3my message 3'} (POST)

info: Request time was: 0.0275 sec

info: Validating by requesting object details

info: Requesting http://10.20.0.17:80/db/api/post/details/ with {'post': 2} (GET)

info: Request time was: 0.0075 sec

info: Likes time!!!

info: Requesting http://10.20.0.17:80/db/api/post/vote/ with {'vote': 1, 'post': 1} (POST)

info: Request time was: 0.0279 sec

info: Validating by requesting object details

info: Requesting http://10.20.0.17:80/db/api/post/details/ with {'post': 1} (GET)

info: Request time was: 0.0077 sec

info: List some threads

info: Requesting http://10.20.0.17:80/db/api/thread/list/ with {'since': '2014-01-02 00:00:00', 'limit': 2, 'order': 'asc', 'forum': 'forumwithsufficientlylargename'} (GET)

info: Request time was: 0.0190 sec

info: Validating by requesting list of objects

info: Requesting http://10.20.0.17:80/db/api/thread/list/ with {'since': '2014-01-01 00:00:00', 'order': 'desc', 'forum': 'forum1'} (GET)

info: Request time was: 0.0092 sec

error: Cannot create <Thread> object from response. Response: code

error: Cannot create <Thread> object from response. Response: response

info: Validating by requesting list of objects

error: len(api objects list) != len(test object list): 2 != 0

info: Requesting http://10.20.0.17:80/db/api/thread/list/ with {'since': '2014-01-01 00:00:00', 'user': 'example2@mail.ru', 'order': 'desc'} (GET)

info: Request time was: 0.0208 sec

info: Validating by requesting list of objects

info: Requesting http://10.20.0.17:80/db/api/thread/list/ with {'since': '2014-01-03 00:00:00', 'limit': 3, 'user': 'example3@mail.ru', 'order': 'desc'} (GET)

info: Request time was: 0.0092 sec

info: Validating by requesting list of objects

info: And list posts in them

info: Requesting http://10.20.0.17:80/db/api/thread/listPosts/ with {'since': '2014-01-02 00:00:00', 'limit': 2, 'order': 'asc', 'thread': 3} (GET)

info: Request time was: 0.0221 sec

info: Validating by requesting list of objects

info: Requesting http://10.20.0.17:80/db/api/thread/listPosts/ with {'since': '2014-01-01 00:00:00', 'order': 'desc', 'thread': -1} (GET)

info: Request time was: 0.0081 sec

error: Cannot create <Post> object from response. Response: code

error: Cannot create <Post> object from response. Response: response

info: Validating by requesting list of objects

error: len(api objects list) != len(test object list): 2 != 0

info: Requesting http://10.20.0.17:80/db/api/thread/listPosts/ with {'since': '2014-01-01 00:00:00', 'order': 'desc', 'thread': -1} (GET)

info: Request time was: 0.0208 sec

error: Cannot create <Post> object from response. Response: code

error: Cannot create <Post> object from response. Response: response

info: Validating by requesting list of objects

error: len(api objects list) != len(test object list): 2 != 0

info: Requesting http://10.20.0.17:80/db/api/thread/listPosts/ with {'since': '2014-01-03 00:00:00', 'limit': 3, 'order': 'desc', 'thread': 3} (GET)

info: Request time was: 0.0139 sec

info: Validating by requesting list of objects

info: Go away thread!

info: Requesting http://10.20.0.17:80/db/api/thread/remove/ with {'thread': 1} (POST)

info: Request time was: 0.0236 sec

info: Validating by requesting object details

info: Requesting http://10.20.0.17:80/db/api/thread/details/ with {'thread': 1} (GET)

info: Request time was: 0.0074 sec

info: Requesting http://10.20.0.17:80/db/api/thread/listPosts/ with {'order': 'desc', 'thread': 1} (GET)

info: Request time was: 0.0263 sec

info: Validating by requesting list of objects

info: Alright, I forgive you, come back

info: Requesting http://10.20.0.17:80/db/api/thread/restore/ with {'thread': 1} (POST)

info: Request time was: 0.0159 sec

info: Validating by requesting object details

info: Requesting http://10.20.0.17:80/db/api/thread/details/ with {'thread': 1} (GET)

info: Request time was: 0.0158 sec

info: Requesting http://10.20.0.17:80/db/api/thread/listPosts/ with {'order': 'desc', 'thread': 1} (GET)

info: Request time was: 0.0144 sec

info: Validating by requesting list of objects

info: Changed my mind again, goodbye!

info: Requesting http://10.20.0.17:80/db/api/thread/close/ with {'thread': 1} (POST)

info: Request time was: 0.0183 sec

info: Validating by requesting object details

info: Requesting http://10.20.0.17:80/db/api/thread/details/ with {'thread': 1} (GET)

info: Request time was: 0.0075 sec

info: But I cant live without you

info: Requesting http://10.20.0.17:80/db/api/thread/open/ with {'thread': 1} (POST)

info: Request time was: 0.0271 sec

info: Validating by requesting object details

info: Requesting http://10.20.0.17:80/db/api/thread/details/ with {'thread': 1} (GET)

info: Request time was: 0.0083 sec

info: Update post

info: Requesting http://10.20.0.17:80/db/api/thread/update/ with {'message': 'hey hey hey hey!', 'slug': 'newslug', 'thread': 1} (POST)

info: Request time was: 0.0212 sec

info: Validating by requesting object details

info: Requesting http://10.20.0.17:80/db/api/thread/details/ with {'thread': 1} (GET)

info: Request time was: 0.0075 sec

info: Likes time...again!

info: Requesting http://10.20.0.17:80/db/api/thread/vote/ with {'vote': -1, 'thread': 2} (POST)

info: Request time was: 0.0247 sec

info: Validating by requesting object details

info: Requesting http://10.20.0.17:80/db/api/thread/details/ with {'thread': 2} (GET)

info: Request time was: 0.0068 sec

info: Subscribe me

info: Requesting http://10.20.0.17:80/db/api/thread/subscribe/ with {'user': 'example4@mail.ru', 'thread': 2} (POST)

info: Request time was: 0.0257 sec

info: Validating by requesting object details

info: Requesting http://10.20.0.17:80/db/api/thread/details/ with {'thread': 2} (GET)

info: Request time was: 0.0070 sec

info: Requesting http://10.20.0.17:80/db/api/thread/subscribe/ with {'user': 'example@mail.ru', 'thread': 1} (POST)

info: Request time was: 0.0220 sec

info: Validating by requesting object details

info: Requesting http://10.20.0.17:80/db/api/thread/details/ with {'thread': 1} (GET)

info: Request time was: 0.0102 sec

info: Requesting http://10.20.0.17:80/db/api/thread/subscribe/ with {'user': 'example4@mail.ru', 'thread': 2} (POST)

info: Request time was: 0.0244 sec

info: Validating by requesting object details

info: Requesting http://10.20.0.17:80/db/api/thread/details/ with {'thread': 2} (GET)

info: Request time was: 0.0068 sec

info: Requesting http://10.20.0.17:80/db/api/thread/subscribe/ with {'user': 'example2@mail.ru', 'thread': -1} (POST)

info: Request time was: 0.0061 sec

info: Validating by requesting object details

info: Requesting http://10.20.0.17:80/db/api/thread/details/ with {'thread': -1} (GET)

info: Request time was: 0.0210 sec

error: Attribute <forum> missing in response from API: None

info: Requesting http://10.20.0.17:80/db/api/thread/subscribe/ with {'user': 'richard.nixon@example.com', 'thread': -1} (POST)

info: Request time was: 0.0073 sec

info: Validating by requesting object details

info: Requesting http://10.20.0.17:80/db/api/thread/details/ with {'thread': -1} (GET)

info: Request time was: 0.0080 sec

error: Attribute <forum> missing in response from API: None

info: Unsubscribe me

info: Requesting http://10.20.0.17:80/db/api/thread/unsubscribe/ with {'user': 'example@mail.ru', 'thread': 2} (POST)

info: Request time was: 0.0175 sec

info: Validating by requesting object details

info: Requesting http://10.20.0.17:80/db/api/thread/details/ with {'thread': 2} (GET)

info: Request time was: 0.0077 sec

info: OMG, I was soooooo wasted...what did I wrote yesterday?

info: Requesting http://10.20.0.17:80/db/api/user/listPosts/ with {'since': '2014-01-02 00:00:00', 'limit': 2, 'user': 'example@mail.ru', 'order': 'asc'} (GET)

info: Request time was: 0.0134 sec

info: Validating by requesting list of objects

info: Requesting http://10.20.0.17:80/db/api/user/listPosts/ with {'since': '2014-01-01 00:00:00', 'user': 'richard.nixon@example.com', 'order': 'desc'} (GET)

info: Request time was: 0.0109 sec

error: Cannot create <Post> object from response. Response: code

error: Cannot create <Post> object from response. Response: response

info: Validating by requesting list of objects

error: len(api objects list) != len(test object list): 2 != 0

info: Requesting http://10.20.0.17:80/db/api/user/listPosts/ with {'since': '2014-01-01 00:00:00', 'user': 'example2@mail.ru', 'order': 'asc'} (GET)

info: Request time was: 0.0078 sec

info: Validating by requesting list of objects

info: Requesting http://10.20.0.17:80/db/api/user/listPosts/ with {'since': '2014-01-03 00:00:00', 'limit': 3, 'user': 'example3@mail.ru', 'order': 'desc'} (GET)

info: Request time was: 0.0209 sec

info: Validating by requesting list of objects

info: It was huge mistake. Need to change a nick quickly

info: Requesting http://10.20.0.17:80/db/api/user/updateProfile/ with {'about': 'Wowowowow', 'user': 'example2@mail.ru', 'name': 'NewName'} (POST)

info: Request time was: 0.0122 sec

info: Validating by requesting object details

info: Requesting http://10.20.0.17:80/db/api/user/details/ with {'user': 'example2@mail.ru'} (GET)

info: Request time was: 0.0224 sec

error: Attribute <subscriptions> from API response (value=set([])) dont match test object (value=set([-1]))

info: Requesting http://10.20.0.17:80/db/api/user/updateProfile/ with {'about': 'Wowowowow!!!', 'user': 'example3@mail.ru', 'name': 'NewName2'} (POST)

info: Request time was: 0.0122 sec

info: Validating by requesting object details

info: Requesting http://10.20.0.17:80/db/api/user/details/ with {'user': 'example3@mail.ru'} (GET)

info: Request time was: 0.0233 sec

info: Follow someone

info: Requesting http://10.20.0.17:80/db/api/user/follow/ with {'follower': 'example3@mail.ru', 'followee': 'example@mail.ru'} (POST)

info: Request time was: 0.0091 sec

info: Validating by requesting object details

info: Requesting http://10.20.0.17:80/db/api/user/details/ with {'user': 'example3@mail.ru'} (GET)

info: Request time was: 0.0251 sec

info: Validating by requesting object details

info: Requesting http://10.20.0.17:80/db/api/user/details/ with {'user': 'example@mail.ru'} (GET)

info: Request time was: 0.0079 sec

info: Requesting http://10.20.0.17:80/db/api/user/follow/ with {'follower': 'example@mail.ru', 'followee': 'example3@mail.ru'} (POST)

info: Request time was: 0.0269 sec

info: Validating by requesting object details

info: Requesting http://10.20.0.17:80/db/api/user/details/ with {'user': 'example@mail.ru'} (GET)

info: Request time was: 0.0231 sec

info: Validating by requesting object details

info: Requesting http://10.20.0.17:80/db/api/user/details/ with {'user': 'example3@mail.ru'} (GET)

info: Request time was: 0.0107 sec

info: List followers

info: Requesting http://10.20.0.17:80/db/api/user/listFollowers/ with {'limit': 3, 'user': 'example3@mail.ru', 'since_id': 0, 'order': 'desc'} (GET)

info: Request time was: 0.0088 sec

info: Validating by requesting list of objects

info: Requesting http://10.20.0.17:80/db/api/user/listFollowers/ with {'user': 'example@mail.ru', 'order': 'asc'} (GET)

info: Request time was: 0.0189 sec

info: Validating by requesting list of objects

info: List following

info: Requesting http://10.20.0.17:80/db/api/user/listFollowing/ with {'limit': 3, 'user': 'example3@mail.ru', 'since_id': 1, 'order': 'desc'} (GET)

info: Request time was: 0.0081 sec

info: Validating by requesting list of objects

info: Requesting http://10.20.0.17:80/db/api/user/listFollowing/ with {'user': 'example@mail.ru', 'order': 'asc'} (GET)

info: Request time was: 0.0216 sec

info: Validating by requesting list of objects

info: Unfollow someone

info: Requesting http://10.20.0.17:80/db/api/user/unfollow/ with {'follower': 'example3@mail.ru', 'followee': 'example@mail.ru'} (POST)

info: Request time was: 0.0269 sec

info: Validating by requesting object details

info: Requesting http://10.20.0.17:80/db/api/user/details/ with {'user': 'example3@mail.ru'} (GET)

info: Request time was: 0.0078 sec

info: Validating by requesting object details

info: Requesting http://10.20.0.17:80/db/api/user/details/ with {'user': 'example@mail.ru'} (GET)

info: Request time was: 0.0079 sec

info: Requesting http://10.20.0.17:80/db/api/user/unfollow/ with {'follower': 'example@mail.ru', 'followee': 'example3@mail.ru'} (POST)

info: Request time was: 0.0269 sec

info: Validating by requesting object details

info: Requesting http://10.20.0.17:80/db/api/user/details/ with {'user': 'example@mail.ru'} (GET)

info: Request time was: 0.0085 sec

info: Validating by requesting object details

info: Requesting http://10.20.0.17:80/db/api/user/details/ with {'user': 'example3@mail.ru'} (GET)

info: Request time was: 0.0201 sec

info: List forum posts

info: Requesting http://10.20.0.17:80/db/api/forum/listPosts/ with {'related': ['thread'], 'since': '2014-01-02 00:00:00', 'limit': 2, 'order': 'asc', 'forum': 'forumwithsufficientlylargename'} (GET)

info: Request time was: 0.0088 sec

info: Validating by requesting list of objects

info: Requesting http://10.20.0.17:80/db/api/forum/listPosts/ with {'related': ['thread', 'forum'], 'since': '2014-01-01 00:00:00', 'order': 'desc', 'forum': 'forum1'} (GET)

info: Request time was: 0.0206 sec

error: Cannot create <Post> object from response. Response: code

error: Cannot create <Post> object from response. Response: response

info: Validating by requesting list of objects

error: len(api objects list) != len(test object list): 2 != 0

info: List forum threads

info: Requesting http://10.20.0.17:80/db/api/forum/listThreads/ with {'related': ['forum', 'user'], 'since': '2013-12-30 00:00:00', 'limit': 2, 'order': 'asc', 'forum': 'forumwithsufficientlylargename'} (GET)

info: Request time was: 0.0111 sec

info: Validating by requesting list of objects

info: Requesting http://10.20.0.17:80/db/api/forum/listThreads/ with {'related': ['forum'], 'since': '2013-12-31 00:00:00', 'order': 'desc', 'forum': 'forum1'} (GET)

info: Request time was: 0.0227 sec

error: Cannot create <Thread> object from response. Response: code

error: Cannot create <Thread> object from response. Response: response

info: Validating by requesting list of objects

error: len(api objects list) != len(test object list): 2 != 0

info: List forum users

info: Requesting http://10.20.0.17:80/db/api/forum/listUsers/ with {'limit': 2, 'since_id': 2, 'forum': 'forumwithsufficientlylargename', 'order': 'asc'} (GET)

info: Request time was: 0.0081 sec

info: Validating by requesting list of objects

info: Requesting http://10.20.0.17:80/db/api/forum/listUsers/ with {'order': 'desc', 'forum': 'forum1'} (GET)

info: Request time was: 0.0215 sec

error: Cannot create <User> object from response. Response: code

error: Cannot create <User> object from response. Response: response

info: Validating by requesting list of objects

error: len(api objects list) != len(test object list): 2 != 0

{'clear': True,
 'errors': True,
 'forum/create': False,
 'forum/listPosts': False,
 'forum/listThreads': False,
 'forum/listUsers': False,
 'post/create': True,
 'post/list': False,
 'post/remove': True,
 'post/restore': True,
 'post/update': True,
 'post/vote': True,
 'thread/close': True,
 'thread/create': False,
 'thread/list': False,
 'thread/listPosts': False,
 'thread/open': True,
 'thread/remove': False,
 'thread/restore': False,
 'thread/subscribe': False,
 'thread/unsubscribe': True,
 'thread/update': True,
 'thread/vote': True,
 'user/create': False,
 'user/follow': True,
 'user/listFollowers': True,
 'user/listFollowing': True,
 'user/listPosts': False,
 'user/unfollow': True,
 'user/updateProfile': False}
16/30 tests passed
